[info] BEGIN TESTING THE ENVIRONMENT
[info] found: $TEMP is
[info] found: $TMP is
[....] $TMP is $TEMP[ ok ]
[....] $TMP is directory[fail]
[....] $HOME/.local/bin is directory[fail]
[info] BEGIN TESTING THE TESTING FRAMEWORK
[....] test return_with()[ ok ]
